[    0.000000] Initializing cgroup subsys cpuset
[    0.000000] Initializing cgroup subsys cpu
[    0.000000] Initializing cgroup subsys cpuacct
[    0.000000] Linux version 4.4.0-143-generic (buildd@lgw01-amd64-037) (gcc version 5.4.0 20160609 (Ubuntu 5.4.0-6ubuntu1~16.04.10) ) #169-Ubuntu SMP Thu Feb 7 07:56:51 UTC 2019 (Ubuntu 4.4.0-143.169-generic 4.4.170)
[    0.000000] KERNEL supported cpus:
[    0.000000]   Intel GenuineIntel
[    0.000000]   AMD AuthenticAMD
[    0.000000]   NSC Geode by NSC
[    0.000000]   Cyrix CyrixInstead
[    0.000000]   Centaur CentaurHauls
[    0.000000]   Transmeta GenuineTMx86
[    0.000000]   Transmeta TransmetaCPU
[    0.000000]   UMC UMC UMC UMC
[    0.000000] x86/fpu: xstate_offset[2]:  576, xstate_sizes[2]:  256
[    0.000000] x86/fpu: Supporting XSAVE feature 0x01: 'x87 floating point registers'
[    0.000000] x86/fpu: Supporting XSAVE feature 0x02: 'SSE registers'
[    0.000000] x86/fpu: Supporting XSAVE feature 0x04: 'AVX registers'
[    0.000000] x86/fpu: Enabled xstate features 0x7, context size is 832 bytes, using 'standard' format.
[    0.000000] e820: BIOS-provided physical RAM map:
[    0.000000] BIOS-e820: [mem 0x0000000000000000-0x000000000009fbff] usable
[    0.000000] BIOS-e820: [mem 0x000000000009fc00-0x000000000009ffff] reserved
[    0.000000] BIOS-e820: [mem 0x00000000000f0000-0x00000000000fffff] reserved
[    0.000000] BIOS-e820: [mem 0x0000000000100000-0x000000003ffeffff] usable
[    0.000000] BIOS-e820: [mem 0x000000003fff0000-0x000000003fffffff] ACPI data
[    0.000000] BIOS-e820: [mem 0x00000000fec00000-0x00000000fec00fff] reserved
[    0.000000] BIOS-e820: [mem 0x00000000fee00000-0x00000000fee00fff] reserved
[    0.000000] BIOS-e820: [mem 0x00000000fffc0000-0x00000000ffffffff] reserved
[    0.000000] NX (Execute Disable) protection: active
[    0.000000] SMBIOS 2.5 present.
[    0.000000] Hypervisor detected: KVM
[    0.000000] e820: last_pfn = 0x3fff0 max_arch_pfn = 0x1000000
[    0.000000] MTRR: Disabled
[    0.000000] x86/PAT: MTRRs disabled, skipping PAT initialization too.
[    0.000000] CPU MTRRs all blank - virtualized system.
[    0.000000] x86/PAT: Configuration [0-7]: WB  WT  UC- UC  WB  WT  UC- UC  
[    0.000000] found SMP MP-table at [mem 0x0009fff0-0x0009ffff] mapped at [c009fff0]
[    0.000000] Scanning 1 areas for low memory corruption
[    0.000000] RAMDISK: [mem 0x36316000-0x37182fff]
[    0.000000] ACPI: Early table checksum verification disabled
[    0.000000] ACPI: RSDP 0x00000000000E0000 000024 (v02 VBOX  )
[    0.000000] ACPI: XSDT 0x000000003FFF0030 00003C (v01 VBOX   VBOXXSDT 00000001 ASL  00000061)
[    0.000000] ACPI: FACP 0x000000003FFF00F0 0000F4 (v04 VBOX   VBOXFACP 00000001 ASL  00000061)
[    0.000000] ACPI: DSDT 0x000000003FFF0470 0022EA (v02 VBOX   VBOXBIOS 00000002 INTL 20100528)
[    0.000000] ACPI: FACS 0x000000003FFF0200 000040
[    0.000000] ACPI: FACS 0x000000003FFF0200 000040
[    0.000000] ACPI: APIC 0x000000003FFF0240 00005C (v02 VBOX   VBOXAPIC 00000001 ASL  00000061)
[    0.000000] ACPI: SSDT 0x000000003FFF02A0 0001CC (v01 VBOX   VBOXCPUT 00000002 INTL 20100528)
[    0.000000] 131MB HIGHMEM available.
[    0.000000] 891MB LOWMEM available.
[    0.000000]   mapped low ram: 0 - 37bfe000
[    0.000000]   low ram: 0 - 37bfe000
[    0.000000] kvm-clock: Using msrs 4b564d01 and 4b564d00
[    0.000000] kvm-clock: cpu 0, msr 0:37bfd001, primary cpu clock
[    0.000000] kvm-clock: using sched offset of 3445185766 cycles
[    0.000000] clocksource: kvm-clock: mask: 0xffffffffffffffff max_cycles: 0x1cd42e4dffb, max_idle_ns: 881590591483 ns
[    0.000000] Zone ranges:
[    0.000000]   DMA      [mem 0x0000000000001000-0x0000000000ffffff]
[    0.000000]   Normal   [mem 0x0000000001000000-0x0000000037bfdfff]
[    0.000000]   HighMem  [mem 0x0000000037bfe000-0x000000003ffeffff]
[    0.000000] Movable zone start for each node
[    0.000000] Early memory node ranges
[    0.000000]   node   0: [mem 0x0000000000001000-0x000000000009efff]
[    0.000000]   node   0: [mem 0x0000000000100000-0x000000003ffeffff]
[    0.000000] Initmem setup node 0 [mem 0x0000000000001000-0x000000003ffeffff]
[    0.000000] Using APIC driver default
[    0.000000] ACPI: PM-Timer IO Port: 0x4008
[    0.000000] IOAPIC[0]: apic_id 2, version 32, address 0xfec00000, GSI 0-23
[    0.000000] ACPI: INT_SRC_OVR (bus 0 bus_irq 0 global_irq 2 dfl dfl)
[    0.000000] ACPI: INT_SRC_OVR (bus 0 bus_irq 9 global_irq 9 low level)
[    0.000000] Using ACPI (MADT) for SMP configuration information
[    0.000000] smpboot: Allowing 2 CPUs, 0 hotplug CPUs
[    0.000000] PM: Registered nosave memory: [mem 0x00000000-0x00000fff]
[    0.000000] PM: Registered nosave memory: [mem 0x0009f000-0x0009ffff]
[    0.000000] PM: Registered nosave memory: [mem 0x000a0000-0x000effff]
[    0.000000] PM: Registered nosave memory: [mem 0x000f0000-0x000fffff]
[    0.000000] e820: [mem 0x40000000-0xfebfffff] available for PCI devices
[    0.000000] Booting paravirtualized kernel on KVM
[    0.000000] clocksource: refined-jiffies: mask: 0xffffffff max_cycles: 0xffffffff, max_idle_ns: 7645519600211568 ns
[    0.000000] setup_percpu: NR_CPUS:8 nr_cpumask_bits:8 nr_cpu_ids:2 nr_node_ids:1
[    0.000000] PERCPU: Embedded 19 pages/cpu @f71b0000 s47308 r0 d30516 u77824
[    0.000000] Built 1 zonelists in Zone order, mobility grouping on.  Total pages: 259800
[    0.000000] Kernel command line: BOOT_IMAGE=/boot/vmlinuz-4.4.0-143-generic root=UUID=1b4e23da-25b0-41fa-bcd0-0692a4c69d3c ro console=tty1 console=ttyS0
[    0.000000] PID hash table entries: 4096 (order: 2, 16384 bytes)
[    0.000000] Dentry cache hash table entries: 131072 (order: 7, 524288 bytes)
[    0.000000] Inode-cache hash table entries: 65536 (order: 6, 262144 bytes)
[    0.000000] Initializing CPU#0
[    0.000000] Initializing HighMem for node 0 (00037bfe:0003fff0)
[    0.000000] Initializing Movable for node 0 (00000000:00000000)
[    0.000000] Memory: 1007996K/1048120K available (8096K kernel code, 791K rwdata, 3180K rodata, 932K init, 800K bss, 40124K reserved, 0K cma-reserved, 135112K highmem)
[    0.000000] virtual kernel memory layout:
[    0.000000]     fixmap  : 0xfff15000 - 0xfffff000   ( 936 kB)
[    0.000000]     pkmap   : 0xffc00000 - 0xffe00000   (2048 kB)
[    0.000000]     vmalloc : 0xf83fe000 - 0xffbfe000   ( 120 MB)
[    0.000000]     lowmem  : 0xc0000000 - 0xf7bfe000   ( 891 MB)
[    0.000000]       .init : 0xc1bcc000 - 0xc1cb5000   ( 932 kB)
[    0.000000]       .data : 0xc17e8648 - 0xc1bcaec0   (3978 kB)
[    0.000000]       .text : 0xc1000000 - 0xc17e8648   (8097 kB)
[    0.000000] Checking if this processor honours the WP bit even in supervisor mode...Ok.
[    0.000000] SLUB: HWalign=64, Order=0-3, MinObjects=0, CPUs=2, Nodes=1
[    0.000000] Hierarchical RCU implementation.
[    0.000000] 	Build-time adjustment of leaf fanout to 32.
[    0.000000] 	RCU restricting CPUs from NR_CPUS=8 to nr_cpu_ids=2.
[    0.000000] RCU: Adjusting geometry for rcu_fanout_leaf=32, nr_cpu_ids=2
[    0.000000] NR_IRQS:2304 nr_irqs:440 16
[    0.000000] Console: colour VGA+ 80x25
[    0.000000] console [tty1] enabled
[    0.000000] console [ttyS0] enabled
[    0.000000] allocated 1048576 bytes of page_ext
[    0.000000] tsc: Detected 3292.394 MHz processor
[    0.136659] Calibrating delay loop (skipped) preset value.. 6584.78 BogoMIPS (lpj=13169576)
[    0.137859] pid_max: default: 32768 minimum: 301
[    0.138502] ACPI: Core revision 20150930
[    0.139939] ACPI: 2 ACPI AML tables successfully acquired and loaded
[    0.140931] Security Framework initialized
[    0.141553] Yama: becoming mindful.
[    0.142267] AppArmor: AppArmor initialized
[    0.143111] Mount-cache hash table entries: 2048 (order: 1, 8192 bytes)
[    0.144080] Mountpoint-cache hash table entries: 2048 (order: 1, 8192 bytes)
[    0.145206] Initializing cgroup subsys io
[    0.145853] Initializing cgroup subsys memory
[    0.146513] Initializing cgroup subsys devices
[    0.147131] Initializing cgroup subsys freezer
[    0.147757] Initializing cgroup subsys net_cls
[    0.148370] Initializing cgroup subsys perf_event
[    0.149050] Initializing cgroup subsys net_prio
[    0.149703] Initializing cgroup subsys hugetlb
[    0.150299] Initializing cgroup subsys pids
[    0.152392] mce: CPU supports 0 MCE banks
[    0.153026] Last level iTLB entries: 4KB 1024, 2MB 1024, 4MB 1024
[    0.153811] Last level dTLB entries: 4KB 1024, 2MB 1024, 4MB 1024, 1GB 4
[    0.154655] Spectre V2 : Mitigation: Full generic retpoline
[    0.155361] Spectre V2 : Spectre v2 / SpectreRSB mitigation: Filling RSB on context switch
[    0.156520] Speculative Store Bypass: Vulnerable
[    0.159924] Freeing SMP alternatives memory: 36K
[    0.164810] ftrace: allocating 31552 entries in 62 pages
[    0.215041] smpboot: APIC(0) Converting physical 0 to logical package 0
[    0.216189] smpboot: Max logical packages: 1
[    0.216967] Enabling APIC mode:  Flat.  Using 1 I/O APICs
[    0.218781] ..TIMER: vector=0x30 apic1=0 pin1=2 apic2=-1 pin2=-1
[    0.324590] smpboot: CPU0: Intel(R) Core(TM) i5-4590 CPU @ 3.30GHz (family: 0x6, model: 0x3c, stepping: 0x3)
[    0.327084] Performance Events: unsupported p6 CPU model 60 no PMU driver, software events only.
[    0.334204] KVM setup paravirtual spinlock
[    0.335444] x86: Booting SMP configuration:
[    0.336051] .... node  #0, CPUs:      #1
[1266874886.264365] Initializing CPU#1
[    0.337126] kvm-clock: cpu 1, msr 0:37bfd041, secondary cpu clock
[    0.339183] mce: CPU supports 0 MCE banks
[    0.341551] x86: Booted up 1 node, 2 CPUs
[    0.342306] smpboot: Total of 2 processors activated (13169.57 BogoMIPS)
[    0.343707] devtmpfs: initialized
[    0.344366] evm: security.selinux
[    0.344928] evm: security.SMACK64
[    0.345447] evm: security.SMACK64EXEC
[    0.346001] evm: security.SMACK64TRANSMUTE
[    0.346589] evm: security.SMACK64MMAP
[    0.347118] evm: security.ima
[    0.347577] evm: security.capability
[    0.348376] clocksource: jiffies: mask: 0xffffffff max_cycles: 0xffffffff, max_idle_ns: 7645041785100000 ns
[    0.349694] futex hash table entries: 512 (order: 3, 32768 bytes)
[    0.350678] pinctrl core: initialized pinctrl subsystem
[    0.351503] RTC time: 20:50:34, date: 04/05/19
[    0.352241] NET: Registered protocol family 16
[    0.352961] EISA bus registered
[    0.364886] cpuidle: using governor ladder
[    0.377268] cpuidle: using governor menu
[    0.377973] PCCT header not found.
[    0.378625] ACPI: bus type PCI registered
[    0.379277] acpiphp: ACPI Hot Plug PCI Controller Driver version: 0.5
[    0.380432] PCI : PCI BIOS area is rw and x. Use pci=nobios if you want it NX.
[    0.381598] PCI: PCI BIOS revision 2.10 entry at 0xfda26, last bus=0
[    0.382435] PCI: Using configuration type 1 for base access
[    0.394888] ACPI: Added _OSI(Module Device)
[    0.395618] ACPI: Added _OSI(Processor Device)
[    0.396285] ACPI: Added _OSI(3.0 _SCP Extensions)
[    0.397023] ACPI: Added _OSI(Processor Aggregator Device)
[    0.398310] ACPI: Executed 1 blocks of module-level executable AML code
[    0.400757] ACPI: Interpreter enabled
[    0.401363] ACPI: (supports S0 S5)
[    0.401931] ACPI: Using IOAPIC for interrupt routing
[    0.402793] PCI: Using host bridge windows from ACPI; if necessary, use "pci=nocrs" and report a bug
[    0.406736] ACPI: PCI Root Bridge [PCI0] (domain 0000 [bus 00-ff])
[    0.407632] acpi PNP0A03:00: _OSC: OS supports [ASPM ClockPM Segments MSI]
[    0.415996] acpi PNP0A03:00: _OSC: not requesting OS control; OS requires [ExtendedConfig ASPM ClockPM MSI]
[    0.417392] acpi PNP0A03:00: fail to add MMCONFIG information, can't access extended PCI configuration space under this bridge.
[    0.419114] PCI host bridge to bus 0000:00
[    0.419755] pci_bus 0000:00: root bus resource [io  0x0000-0x0cf7 window]
[    0.420663] pci_bus 0000:00: root bus resource [io  0x0d00-0xffff window]
[    0.421698] pci_bus 0000:00: root bus resource [mem 0x000a0000-0x000bffff window]
[    0.422802] pci_bus 0000:00: root bus resource [mem 0x40000000-0xfdffffff window]
[    0.423921] pci_bus 0000:00: root bus resource [bus 00-ff]
[    0.426050] pci 0000:00:01.1: legacy IDE quirk: reg 0x10: [io  0x01f0-0x01f7]
[    0.426964] pci 0000:00:01.1: legacy IDE quirk: reg 0x14: [io  0x03f6]
[    0.427863] pci 0000:00:01.1: legacy IDE quirk: reg 0x18: [io  0x0170-0x0177]
[    0.428877] pci 0000:00:01.1: legacy IDE quirk: reg 0x1c: [io  0x0376]
[    0.440478] pci 0000:00:07.0: quirk: [io  0x4000-0x403f] claimed by PIIX4 ACPI
[    0.441693] pci 0000:00:07.0: quirk: [io  0x4100-0x410f] claimed by PIIX4 SMB
[    0.446621] ACPI: PCI Interrupt Link [LNKA] (IRQs 5 9 10 *11)
[    0.447954] ACPI: PCI Interrupt Link [LNKB] (IRQs 5 9 *10 11)
[    0.449213] ACPI: PCI Interrupt Link [LNKC] (IRQs 5 *9 10 11)
[    0.450678] ACPI: PCI Interrupt Link [LNKD] (IRQs 5 9 10 *11)
[    0.451801] ACPI: Enabled 2 GPEs in block 00 to 07
[    0.452793] vgaarb: setting as boot device: PCI:0000:00:02.0
[    0.453557] vgaarb: device added: PCI:0000:00:02.0,decodes=io+mem,owns=io+mem,locks=none
[    0.454637] vgaarb: loaded
[    0.455084] vgaarb: bridge control possible 0000:00:02.0
[    0.455989] SCSI subsystem initialized
[    0.456705] ACPI: bus type USB registered
[    0.457277] usbcore: registered new interface driver usbfs
[    0.458010] usbcore: registered new interface driver hub
[    0.458741] usbcore: registered new device driver usb
[    0.459808] PCI: Using ACPI for IRQ routing
[    0.460663] NetLabel: Initializing
[    0.461195] NetLabel:  domain hash size = 128
[    0.461848] NetLabel:  protocols = UNLABELED CIPSOv4
[    0.462567] NetLabel:  unlabeled traffic allowed by default
[    0.463500] amd_nb: Cannot enumerate AMD northbridges
[    0.464295] clocksource: Switched to clocksource kvm-clock
[    0.475250] AppArmor: AppArmor Filesystem Enabled
[    0.476165] pnp: PnP ACPI init
[    0.477345] pnp: PnP ACPI: found 3 devices
[    0.478036] PnPBIOS: Disabled by ACPI PNP
[    0.517963] clocksource: acpi_pm: mask: 0xffffff max_cycles: 0xffffff, max_idle_ns: 2085701024 ns
[    0.519301] NET: Registered protocol family 2
[    0.520064] TCP established hash table entries: 8192 (order: 3, 32768 bytes)
[    0.521099] TCP bind hash table entries: 8192 (order: 4, 65536 bytes)
[    0.521952] TCP: Hash tables configured (established 8192 bind 8192)
[    0.522821] UDP hash table entries: 512 (order: 2, 16384 bytes)
[    0.523629] UDP-Lite hash table entries: 512 (order: 2, 16384 bytes)
[    0.524502] NET: Registered protocol family 1
[    0.525238] pci 0000:00:00.0: Limiting direct PCI/PCI transfers
[    0.526198] pci 0000:00:01.0: Activating ISA DMA hang workarounds
[    0.527127] Unpacking initramfs...
[    0.798180] Freeing initrd memory: 14772K
[    0.798926] RAPL PMU detected, API unit is 2^-32 Joules, 4 fixed counters 10737418240 ms ovfl timer
[    0.800309] hw unit of domain pp0-core 2^-0 Joules
[    0.801125] hw unit of domain package 2^-0 Joules
[    0.801858] hw unit of domain dram 2^-0 Joules
[    0.802505] hw unit of domain pp1-gpu 2^-0 Joules
[    0.803233] platform rtc_cmos: registered platform RTC device (no PNP device found)
[    0.804475] Scanning for low memory corruption every 60 seconds
[    0.805731] audit: initializing netlink subsys (disabled)
[    0.806642] audit: type=2000 audit(1554497440.238:1): initialized
[    0.807799] Initialise system trusted keyring
[    0.808758] HugeTLB registered 2 MB page size, pre-allocated 0 pages
[    0.810632] zbud: loaded
[    0.811310] VFS: Disk quotas dquot_6.6.0
[    0.811991] VFS: Dquot-cache hash table entries: 1024 (order 0, 4096 bytes)
[    0.813116] squashfs: version 4.0 (2009/01/31) Phillip Lougher
[    0.814348] fuse init (API version 7.23)
[    0.815148] Key type big_key registered
[    0.815815] Allocating IMA MOK and blacklist keyrings.
[    0.824929] Key type asymmetric registered
[    0.825528] Asymmetric key parser 'x509' registered
[    0.826202] bounce: pool size: 64 pages
[    0.826791] Block layer SCSI generic (bsg) driver version 0.4 loaded (major 249)
[    0.827950] io scheduler noop registered
[    0.828561] io scheduler deadline registered (default)
[    0.829313] io scheduler cfq registered
[    0.830002] pci_hotplug: PCI Hot Plug PCI Core version: 0.5
[    0.830718] pciehp: PCI Express Hot Plug Controller Driver version: 0.4
[    0.831639] ACPI: AC Adapter [AC] (on-line)
[    0.832291] input: Power Button as /devices/LNXSYSTM:00/LNXPWRBN:00/input/input0
[    0.833384] ACPI: Power Button [PWRF]
[    0.833989] input: Sleep Button as /devices/LNXSYSTM:00/LNXSLPBN:00/input/input1
[    0.835044] ACPI: Sleep Button [SLPF]
[    0.835773] GHES: HEST is not enabled!
[    0.836412] isapnp: Scanning for PnP cards...
[    0.840618] Serial: 8250/16550 driver, 32 ports, IRQ sharing enabled
 	
 !"#$%&'()*+,-./0123456789:vwxyz{|}~ÄÅÇÉÑÖÜáàâäãåçéèêëíìîïñóòôöõúùûü†°¢£§•¶ß®©™´¨≠ÆØ∞±≤≥¥µ∂∑∏πªºΩæø¿¡¬√ƒ≈∆«»… ÀÃÕŒœ–—“”‘’÷◊ÿŸ⁄€‹›ﬁﬂ‡·‚„‰ÂÊÁËÈÍÎÏÌÓÔÒÚÛÙıˆ˜¯˘˙˚¸˝˛ˇ[    0.862494] 00:02: ttyS0 at I/O 0x3f8 (irq = 4, base_baud = 115200) is a 16550A
[    0.864475] Linux agpgart interface v0.103
[    0.866106] loop: module loaded
[    0.867088] scsi host0: ata_piix
[    0.867680] scsi host1: ata_piix
[    0.868316] ata1: PATA max UDMA/33 cmd 0x1f0 ctl 0x3f6 bmdma 0xd000 irq 14
[    0.869231] ata2: PATA max UDMA/33 cmd 0x170 ctl 0x376 bmdma 0xd008 irq 15
[    0.870205] libphy: Fixed MDIO Bus: probed
[    0.870892] tun: Universal TUN/TAP device driver, 1.6
[    0.871580] tun: (C) 1999-2004 Max Krasnyansky <maxk@qualcomm.com>
[    0.872640] PPP generic driver version 2.4.2
[    0.873503] ehci_hcd: USB 2.0 'Enhanced' Host Controller (EHCI) Driver
[    0.874639] ehci-pci: EHCI PCI platform driver
[    0.875324] ehci-platform: EHCI generic platform driver
[    0.876090] ohci_hcd: USB 1.1 'Open' Host Controller (OHCI) Driver
[    0.877034] ohci-pci: OHCI PCI platform driver
[    0.877706] ohci-platform: OHCI generic platform driver
[    0.878469] uhci_hcd: USB Universal Host Controller Interface driver
[    0.879359] i8042: PNP: PS/2 Controller [PNP0303:PS2K,PNP0f03:PS2M] at 0x60,0x64 irq 1,12
[    0.881285] serio: i8042 KBD port at 0x60,0x64 irq 1
[    0.882059] serio: i8042 AUX port at 0x60,0x64 irq 12
[    0.882870] mousedev: PS/2 mouse device common for all mice
[    0.883989] rtc_cmos rtc_cmos: rtc core: registered rtc_cmos as rtc0
[    0.884987] input: AT Translated Set 2 keyboard as /devices/platform/i8042/serio0/input/input2
[    0.886512] rtc_cmos rtc_cmos: alarms up to one day, 114 bytes nvram
[    0.887493] i2c /dev entries driver
[    0.888058] device-mapper: uevent: version 1.0.3
[    0.888823] device-mapper: ioctl: 4.34.0-ioctl (2015-10-28) initialised: dm-devel@redhat.com
[    0.890243] platform eisa.0: Probing EISA bus 0
[    0.890907] platform eisa.0: EISA: Cannot allocate resource for mainboard
[    0.891848] platform eisa.0: Cannot allocate resource for EISA slot 1
[    0.892777] platform eisa.0: Cannot allocate resource for EISA slot 2
[    0.893603] platform eisa.0: Cannot allocate resource for EISA slot 3
[    0.894442] platform eisa.0: Cannot allocate resource for EISA slot 4
[    0.895241] platform eisa.0: Cannot allocate resource for EISA slot 5
[    0.896065] platform eisa.0: Cannot allocate resource for EISA slot 6
[    0.896924] platform eisa.0: Cannot allocate resource for EISA slot 7
[    0.897790] platform eisa.0: Cannot allocate resource for EISA slot 8
[    0.898666] platform eisa.0: EISA: Detected 0 cards
[    0.899398] cpufreq-nforce2: No nForce2 chipset.
[    0.900077] ledtrig-cpu: registered to indicate activity on CPUs
[    0.901151] NET: Registered protocol family 10
[    0.901943] NET: Registered protocol family 17
[    0.902691] Key type dns_resolver registered
[    0.903583] Using IPI No-Shortcut mode
[    0.904345] registered taskstats version 1
[    0.905007] Loading compiled-in X.509 certificates
[    0.907675] Loaded X.509 cert 'Build time autogenerated kernel key: 07323bf4cdbec5aef5bdde50750eeb2c99f03b83'
[    0.909345] zswap: loaded using pool lzo/zbud
[    0.911516] Key type trusted registered
[    0.914112] Key type encrypted registered
[    0.914813] AppArmor: AppArmor sha1 policy hashing enabled
[    0.915704] ima: No TPM chip found, activating TPM-bypass!
[    0.916572] ima: Allocated hash algorithm: sha1
[    0.917345] evm: HMAC attrs: 0x1
[    0.918063]   Magic number: 15:272:851
[    0.918680]  index3: hash matches
[    0.919291]  index3: hash matches
[    0.919908] rtc_cmos rtc_cmos: setting system clock to 2019-04-05 20:50:35 UTC (1554497435)
[    0.921269] BIOS EDD facility v0.16 2004-Jun-25, 0 devices found
[    0.922150] EDD information not available.
[    1.192489] isapnp: No Plug & Play device found
[    1.193550] Freeing unused kernel memory: 932K
[    1.214610] Write protecting the kernel text: 8100k
[    1.215531] Write protecting the kernel read-only data: 3184k
[    1.216619] NX-protecting the kernel data: 6236k
Loading, please wait...
starting version 229
[    1.227897] random: systemd-udevd: uninitialized urandom read (16 bytes read, 0 bits of entropy available)
[    1.228348] random: udevadm: uninitialized urandom read (16 bytes read, 0 bits of entropy available)
[    1.231066] random: systemd-udevd: uninitialized urandom read (16 bytes read, 0 bits of entropy available)
[    1.232750] random: systemd-udevd: uninitialized urandom read (16 bytes read, 0 bits of entropy available)
[    1.236021] random: udevadm: uninitialized urandom read (16 bytes read, 0 bits of entropy available)
[    1.236979] random: systemd-udevd: uninitialized urandom read (16 bytes read, 0 bits of entropy available)
[    1.246323] random: udevadm: uninitialized urandom read (16 bytes read, 0 bits of entropy available)
[    1.248037] random: udevadm: uninitialized urandom read (16 bytes read, 0 bits of entropy available)
[    1.249756] random: udevadm: uninitialized urandom read (16 bytes read, 0 bits of entropy available)
[    1.251363] random: udevadm: uninitialized urandom read (16 bytes read, 0 bits of entropy available)
[    1.270420] e1000: Intel(R) PRO/1000 Network Driver - version 7.3.21-k8-NAPI
[    1.271475] e1000: Copyright (c) 1999-2006 Intel Corporation.
[    1.286443] Fusion MPT base driver 3.04.20
[    1.287123] Copyright (c) 1999-2008 LSI Corporation
[    1.308319] Fusion MPT SPI Host driver 3.04.20
[    1.507873] input: ImExPS/2 Generic Explorer Mouse as /devices/platform/i8042/serio1/input/input4
[    1.619567] e1000 0000:00:03.0 eth0: (PCI:33MHz:32-bit) 02:67:41:53:c2:3e
[    1.620462] e1000 0000:00:03.0 eth0: Intel(R) PRO/1000 Network Connection
[    1.622190] mptbase: ioc0: Initiating bringup
[    1.622637] e1000 0000:00:03.0 enp0s3: renamed from eth0
[    1.685199] ioc0: LSI53C1030 A0: Capabilities={Initiator}
[    1.801235] tsc: Refined TSC clocksource calibration: 3292.531 MHz
[    1.804456] clocksource: tsc: mask: 0xffffffffffffffff max_cycles: 0x2f75bc5d8be, max_idle_ns: 440795233649 ns
[    1.853952] scsi host2: ioc0: LSI53C1030 A0, FwRev=00000000h, Ports=1, MaxQ=256, IRQ=20
[    1.970534] scsi 2:0:0:0: Direct-Access     VBOX     HARDDISK         1.0  PQ: 0 ANSI: 5
[    1.976552] scsi target2:0:0: Beginning Domain Validation
[    1.987443] scsi target2:0:0: Domain Validation skipping write tests
[    1.991537] scsi target2:0:0: Ending Domain Validation
[    1.995334] scsi target2:0:0: asynchronous
[    2.000953] scsi 2:0:1:0: Direct-Access     VBOX     HARDDISK         1.0  PQ: 0 ANSI: 5
[    2.005009] scsi target2:0:1: Beginning Domain Validation
[    2.009982] scsi target2:0:1: Domain Validation skipping write tests
[    2.011680] scsi target2:0:1: Ending Domain Validation
[    2.013292] scsi target2:0:1: asynchronous
[    2.026317] sd 2:0:0:0: Attached scsi generic sg0 type 0
[    2.028150] sd 2:0:0:0: [sda] 20971520 512-byte logical blocks: (10.7 GB/10.0 GiB)
[    2.030840] sd 2:0:1:0: Attached scsi generic sg1 type 0
[    2.031437] sd 2:0:1:0: [sdb] 20480 512-byte logical blocks: (10.5 MB/10.0 MiB)
[    2.031721] sd 2:0:1:0: [sdb] Write Protect is off
[    2.031874] sd 2:0:1:0: [sdb] Incomplete mode parameter data
[    2.031877] sd 2:0:1:0: [sdb] Assuming drive cache: write through
[    2.036790] sd 2:0:0:0: [sda] Write Protect is off
[    2.036900] sd 2:0:0:0: [sda] Incomplete mode parameter data
[    2.036901] sd 2:0:0:0: [sda] Assuming drive cache: write through
[    2.072499]  sda: sda1
[    2.074022] sd 2:0:1:0: [sdb] Attached SCSI disk
[    2.075139] sd 2:0:0:0: [sda] Attached SCSI disk
Begin: Loading essential drivers ... [    3.374014] md: linear personality registered for level -1
[    3.378351] md: multipath personality registered for level -4
[    3.382399] md: raid0 personality registered for level 0
[    3.388275] md: raid1 personality registered for level 1
[    3.460311] raid6: mmxx1    gen()  6827 MB/s
[    3.528714] raid6: mmxx2    gen()  6970 MB/s
[    3.597123] raid6: sse1x1   gen()  5700 MB/s
[    3.664568] raid6: sse1x2   gen()  7117 MB/s
[    3.732994] raid6: sse2x1   gen() 11777 MB/s
[    3.800420] raid6: sse2x1   xor()  8581 MB/s
[    3.868377] raid6: sse2x2   gen() 14461 MB/s
[    3.936322] raid6: sse2x2   xor()  9270 MB/s
[    4.004783] raid6: avx2x1   gen() 22452 MB/s
[    4.072305] raid6: avx2x2   gen() 26880 MB/s
[    4.072925] raid6: using algorithm avx2x2 gen() 26880 MB/s
[    4.073810] raid6: using avx2x1 recovery algorithm
[    4.077262] xor: automatically using best checksumming function:
[    4.116703]    avx       : 31436.000 MB/sec
[    4.119977] async_tx: api initialized (async)
[    4.138490] md: raid6 personality registered for level 6
[    4.139358] md: raid5 personality registered for level 5
[    4.140181] md: raid4 personality registered for level 4
[    4.148407] md: raid10 personality registered for level 10
done.
Begin: Running /scripts/init-premount ... done.
Begin: Mounting root file system ... Begin: Running /scripts/local-top ... done.
Begin: Running /scripts/local-premount ... [    4.186384] Btrfs loaded
Scanning for Btrfs filesystems
done.
Warning: fsck not present, so skipping root file system
[    4.248914] EXT4-fs (sda1): mounted filesystem with ordered data mode. Opts: (null)
done.
Begin: Running /scripts/local-bottom ... done.
Begin: Running /scripts/init-bottom ... done.
[    5.054944] systemd[1]: systemd 229 running in system mode. (+PAM +AUDIT +SELINUX +IMA +APPARMOR +SMACK +SYSVINIT +UTMP +LIBCRYPTSETUP +GCRYPT +GNUTLS +ACL +XZ -LZ4 +SECCOMP +BLKID +ELFUTILS +KMOD -IDN)
[    5.065705] systemd[1]: Detected virtualization oracle.
[    5.067862] systemd[1]: Detected architecture x86.

Welcome to [1mUbuntu 16.04.6 LTS[0m!

[    5.112991] systemd[1]: Set hostname to <ubuntu-xenial>.
[    5.815650] random: nonblocking pool is initialized
[    6.077985] systemd[1]: Listening on /dev/initctl Compatibility Named Pipe.
[[0;32m  OK  [0m] Listening on /dev/initctl Compatibility Named Pipe.
[    6.080525] systemd[1]: Listening on Journal Socket (/dev/log).
[[0;32m  OK  [0m] Listening on Journal Socket (/dev/log).
[    6.082688] systemd[1]: Listening on Journal Audit Socket.
[[0;32m  OK  [0m] Listening on Journal Audit Socket.
[    6.085048] systemd[1]: Created slice System Slice.
[[0;32m  OK  [0m] Created slice System Slice.
[    6.086925] systemd[1]: Listening on Device-mapper event daemon FIFOs.
[[0;32m  OK  [0m] Listening on Device-mapper event daemon FIFOs.
[    6.089234] systemd[1]: Started Forward Password Requests to Wall Directory Watch.
[[0;32m  OK  [0m] Started Forward Password Requests to Wall Directory Watch.
[    6.092092] systemd[1]: Started Trigger resolvconf update for networkd DNS.
[[0;32m  OK  [0m] Started Trigger resolvconf update for networkd DNS.
[    6.094802] systemd[1]: Created slice system-serial\x2dgetty.slice.
[[0;32m  OK  [0m] Created slice system-serial\x2dgetty.slice.
[    6.097053] systemd[1]: Reached target Encrypted Volumes.
[[0;32m  OK  [0m] Reached target Encrypted Volumes.
[    6.098969] systemd[1]: Reached target User and Group Name Lookups.
[[0;32m  OK  [0m] Reached target User and Group Name Lookups.
[    6.101518] systemd[1]: Created slice User and Session Slice.
[[0;32m  OK  [0m] Created slice User and Session Slice.
[    6.103478] systemd[1]: Listening on LVM2 metadata daemon socket.
[[0;32m  OK  [0m] Listening on LVM2 metadata daemon socket.
[    6.115939] systemd[1]: Listening on udev Control Socket.
[[0;32m  OK  [0m] Listening on udev Control Socket.
[    6.117388] systemd[1]: Listening on LVM2 poll daemon socket.
[[0;32m  OK  [0m] Listening on LVM2 poll daemon socket.
[    6.126488] systemd[1]: Listening on udev Kernel Socket.
[[0;32m  OK  [0m] Listening on udev Kernel Socket.
[    6.128079] systemd[1]: Reached target Slices.
[[0;32m  OK  [0m] Reached target Slices.
[    6.129364] systemd[1]: Listening on Journal Socket.
[[0;32m  OK  [0m] Listening on Journal Socket.
[    6.149539] systemd[1]: Starting Monitoring of LVM2 mirrors, snapshots etc. using dmeventd or progress polling...
         Starting Monitoring of LVM2 mirrors... dmeventd or progress polling...
[    6.201292] systemd[1]: Starting Load Kernel Modules...
         Starting Load Kernel Modules...
[    6.203073] systemd[1]: Starting Set console keymap...
         Starting Set console keymap...
[    6.213835] systemd[1]: Mounting Debug File System...
         Mounting Debug File System...
[    6.215602] systemd[1]: Mounting POSIX Message Queue File System...
         Mounting POSIX Message Queue File System...
[    6.217519] systemd[1]: Starting Remount Root and Kernel File Systems...
         Starting Remount Root and Kernel File Systems...
[    6.219853] systemd[1]: Starting Create list of required static device nodes for the current kernel...
         Starting Create list of required st... nodes for the current kernel...
[    6.222539] systemd[1]: Starting Nameserver information manager...
         Starting Nameserver information manager...
[    6.229469] systemd[1]: Starting Uncomplicated firewall...
         Starting Uncomplicated firewall...
[    6.231291] systemd[1]: Mounting Huge Pages File System...
         Mounting Huge Pages File System...
[    6.232724] systemd[1]: Reached target System Time Synchronized.
[[0;32m  OK  [0m] Reached target System Time Synchronized.
[    6.241517] systemd[1]: Listening on Syslog Socket.
[[0;32m  OK  [0m] Listening on Syslog Socket.
[    6.243525] systemd[1]: Starting Journal Service...
         Starting Journal Service...
[    6.244948] systemd[1]: Set up automount Arbitrary Executable File Formats File System Automount Point.
[[0;32m  OK  [0m] Set up automount Arbitrary Executab...ats File System Automount Point.
[    6.330642] systemd[1]: Reached target Swap.
[[0;32m  OK  [0m] Reached target Swap.
[    6.346004] systemd[1]: Started Create list of required static device nodes for the current kernel.
[[0;32m  OK  [0m] Started Create list of required sta...ce nodes for the current kernel.
[    6.351205] systemd[1]: Started Uncomplicated firewall.
[[0;32m  OK  [0m] Started Uncomplicated firewall.
[    6.401295] EXT4-fs (sda1): re-mounted. Opts: (null)
[    6.404731] systemd[1]: Starting Create Static Device Nodes in /dev...
         Starting Create Static Device Nodes in /dev...
[    6.414034] systemd[1]: Mounted Debug File System.
[[0;32m  OK  [0m] Mounted Debug File System.
[    6.421389] systemd[1]: Mounted Huge Pages File System.
[[0;32m  OK  [0m] Mounted Huge Pages File System.
[    6.422931] systemd[1]: Mounted POSIX Message Queue File System.
[[0;32m  OK  [0m] Mounted POSIX Message Queue File System.
[    6.425174] systemd[1]: Started Remount Root and Kernel File Systems.
[[0;32m  OK  [0[    6.427499] Loading iSCSI transport class v2.0-870.
m] Started Remount Root and Kernel File Systems.
[    6.439114] systemd[1]: Started Nameserver information manager.
[[0;32m  OK  [0m] Started Nameserver information manager.
[    6.464638] systemd[1]: Starting Load/Save Random Seed...
         Starting Load/Save Random Seed...
[    6.500757] systemd[1]: Starting udev Coldplug all Devices...
         Starting udev Coldplug all Devices...
[    6.545300] systemd[1]: Started LVM2 metadata daemon.
[[0;32m  OK  [0m] Started LVM2 metadata daemon.
[    6.547473] systemd[1]: Started Load/Save Random Seed.
[[0;32m  OK  [0m] Started Load/Save Random Seed.
[    6.590237] systemd[1]: Started Set console keymap.
[[0;32m  OK  [0m] Started Set console keymap.
[    6.604897] iscsi: registered transport (tcp)
[    6.703812] systemd[1]: Started Journal Service.
[[0;32m  OK  [0m] Started Journal Service.
         Starting Flush Journal to Persistent Storage...
[[0;32m  OK  [0m] Started udev Coldplug all Devices.
[[0;32m  OK  [0m] Started Create Static Device Nodes in /dev.
         Starting udev Kernel Device Manager...
[    6.815380] systemd-journald[399]: Received request to flush runtime journal from PID 1
[[0;32m  OK  [0m] Started Flush Journal to Persistent Storage.
[    6.857305] iscsi: registered transport (iser)
[[0;32m  OK  [0m] Started Load Kernel Modules.
         Mounting FUSE Control File System...
         Starting Apply Kernel Variables...
[[0;32m  OK  [0m] Mounted FUSE Control File System.
[[0;32m  OK  [0m] Started Apply Kernel Variables.
[[0;32m  OK  [0m] Started Monitoring of LVM2 mirrors,...ng dmeventd or progress polling.
[[0;32m  OK  [0m] Reached target Local File Systems (Pre).
[[0;32m  OK  [0m] Reached target Local File Systems.
         Starting LSB: AppArmor initialization...
         Starting Initial cloud-init job (pre-networking)...
         Starting Tell Plymouth To Write Out Runtime Data...
         Starting Create Volatile Files and Directories...
         Starting Set console font and keymap...
[[0;32m  OK  [0m] Started udev Kernel Device Manager.
[[0;32m  OK  [0m] Started Dispatch Password Requests to Console Directory Watch.
[[0;32m  OK  [0m] Started Tell Plymouth To Write Out Runtime Data.
[[0;32m  OK  [0m] Found device /dev/ttyS0.
[[0;32m  OK  [0m] Listening on Load/Save RF Kill Switch Status /dev/rfkill Watch.
[[0;32m  OK  [0m] Started Create Volatile Files and Directories.
         Starting Update UTMP about System Boot/Shutdown...
[[0;32m  OK  [0m] Found device 82540EM Gigabit Ethern...r (PRO/1000 MT Desktop Adapter).
[[0;32m  OK  [0m] Started Update UTMP about System Boot/Shutdown.
[[0;32m  OK  [0m] Started Set console font and keymap.
[[0;32m  OK  [0m] Created slice system-getty.slice.
[[0;32m  OK  [0m] Started LSB: AppArmor initialization.
[   10.764677] cloud-init[492]: Cloud-init v. 18.5-45-g3554ffe8-0ubuntu1~16.04.1 running 'init-local' at Fri, 05 Apr 2019 20:50:45 +0000. Up 10.18 seconds.
[[0;32m  OK  [0m] Started Initial cloud-init job (pre-networking).
[[0;32m  OK  [0m] Reached target Network (Pre).
[[0;32m  OK  [0m] Started ifup for enp0s3.
         Starting Raise network interfaces...
[[0;32m  OK  [0m] Started Raise network interfaces.
         Starting Initial cloud-init job (metadata service crawler)...
[[0;32m  OK  [0m] Reached target Network.
[   11.855424] cloud-init[973]: Cloud-init v. 18.5-45-g3554ffe8-0ubuntu1~16.04.1 running 'init' at Fri, 05 Apr 2019 20:50:46 +0000. Up 11.31 seconds.
[   11.857593] cloud-init[973]: ci-info: ++++++++++++++++++++++++++++++++++++++Net device info++++++++++++++++++++++++++++++++++++++
[   11.859125] cloud-init[973]: ci-info: +--------+------+----------------------------+---------------+--------+-------------------+
[   11.868469] cloud-init[973]: ci-info: | Device |  Up  |          Address           |      Mask     | Scope  |     Hw-Address    |
[   11.870400] cloud-init[973]: ci-info: +--------+------+----------------------------+---------------+--------+-------------------+
[   11.871987] cloud-init[973]: ci-info: | enp0s3 | True |         10.0.2.15          | 255.255.255.0 | global | 02:67:41:53:c2:3e |
[   11.872863] cloud-init[973]: ci-info: | enp0s3 | True | fe80::67:41ff:fe53:c23e/64 |       .       |  link  | 02:67:41:53:c2:3e |
[   11.873641] cloud-init[973]: ci-info: |   lo   | True |         127.0.0.1          |   255.0.0.0   |  host  |         .         |
[   11.874435] cloud-init[973]: ci-info: |   lo   | True |          ::1/128           |       .       |  host  |         .         |
[   11.875341] cloud-init[973]: ci-info: +--------+------+----------------------------+---------------+--------+-------------------+
[   11.876303] cloud-init[973]: ci-info: +++++++++++++++++++++++++++Route IPv4 info++++++++++++++++++++++++++++
[   11.877395] cloud-init[973]: ci-info: +-------+-------------+----------+---------------+-----------+-------+
[   11.884917] cloud-init[973]: ci-info: | Route | Destination | Gateway  |    Genmask    | Interface | Flags |
[   11.900285] cloud-init[973]: ci-info: +-------+-------------+----------+---------------+-----------+-------+
[   11.900384] cloud-init[973]: ci-info: |   0   |   0.0.0.0   | 10.0.2.2 |    0.0.0.0    |   enp0s3  |   UG  |
[   11.900577] cloud-init[973]: ci-info: |   1   |   10.0.2.0  | 0.0.0.0  | 255.255.255.0 |   enp0s3  |   U   |
[   11.900799] cloud-init[973]: ci-info: +-------+-------------+----------+---------------+-----------+-------+
[   11.900973] cloud-init[973]: ci-info: +++++++++++++++++++Route IPv6 info+++++++++++++++++++
[   11.901129] cloud-init[973]: ci-info: +-------+-------------+---------+-----------+-------+
[   11.901328] cloud-init[973]: ci-info: | Route | Destination | Gateway | Interface | Flags |
[   11.901395] cloud-init[973]: ci-info: +-------+-------------+---------+-----------+-------+
[   11.901532] cloud-init[973]: ci-info: |   0   |  fe80::/64  |    ::   |   enp0s3  |   U   |
[   11.901832] cloud-init[973]: ci-info: |   3   |   ff00::/8  |    ::   |   enp0s3  |   U   |
[   11.902188] cloud-init[973]: ci-info: +-------+-------------+---------+-----------+-------+
[[0;32m  OK  [0m] Started Initial cloud-init job (metadata service crawler).
[[0;32m  OK  [0m] Reached target Cloud-config availability.
[[0;32m  OK  [0m] Reached target System Initialization.
[[0;32m  OK  [0m] Started Daily Cleanup of Temporary Directories.
[[0;32m  OK  [0m] Started Daily apt download activities.
[[0;32m  OK  [0m] Started ACPI Events Check.
[[0;32m  OK  [0m] Reached target Paths.
[[0;32m  OK  [0m] Listening on D-Bus System Message Bus Socket.
[[0;32m  OK  [0m] Started Daily apt upgrade and clean activities.
[[0;32m  OK  [0m] Listening on ACPID Listen Socket.
[[0;32m  OK  [0m] Listening on UUID daemon activation socket.
         Starting Socket activation for snappy daemon.
         Starting LXD - unix socket.
[[0;32m  OK  [0m] Reached target Timers.
[[0;32m  OK  [0m] Reached target Network is Online.
         Starting iSCSI initiator daemon (iscsid)...
[[0;32m  OK  [0m] Listening on Socket activation for snappy daemon.
[[0;32m  OK  [0m] Listening on LXD - unix socket.
[[0;32m  OK  [0m] Reached target Sockets.
[[0;32m  OK  [0m] Reached target Basic System.
         Starting Accounts Service...
         Starting Login Service...
[[0;32m  OK  [0m] Started Deferred execution scheduler.
         Starting MySQL Community Server...
         Starting /etc/rc.local Compatibility...
[[0;32m  OK  [0m] Started Unattended Upgrades Shutdown.
         Starting Virtualbox guest utils...
[[0;32m  OK  [0m] Started ACPI event daemon.
[[0;32m  OK  [0m] Started Regular background program processing daemon.
         Starting System Logging Service...
[[0;32m  OK  [0m] Started FUSE filesystem for LXC.
         Starting LSB: Record successful boot for GRUB...
         Starting LXD - container startup/shutdown...
[[0;32m  OK  [0m] Started D-Bus System Message Bus.
         Starting OpenBSD Secure Shell server...
         Starting LSB: MD monitoring daemon...
         Starting Snappy daemon...
[[0;32m  OK  [0m] Started System Logging Service.
[[0;32m  OK  [0m] Started iSCSI initiator daemon (iscsid).
[[0;32m  OK  [0m] Started /etc/rc.local Compatibility.
[[0;32m  OK  [0m] Started Login Service.
         Starting Authenticate and Authorize Users to Run Privileged Tasks...
         Starting Login to default iSCSI targets...
[[0;32m  OK  [0m] Started LSB: Record successful boot for GRUB.
[[0;32m  OK  [0m] Started LSB: MD monitoring daemon.
[[0;32m  OK  [0m] Started Login to default iSCSI targets.
[[0;32m  OK  [0m] Reached target Remote File Systems (Pre).
[[0;32m  OK  [0m] Reached target Remote File Systems.
         Starting LSB: daemon to balance interrupts for SMP systems...
         Starting LSB: automatic crash report generation...
         Starting LSB: Set the CPU Frequency Scaling governor to "ondemand"...
         Starting Permit User Sessions...
[[0;32m  OK  [0m] Started LSB: Set the CPU Frequency Scaling governor to "ondemand".
[[0;32m  OK  [0m] Started Permit User Sessions.
         Starting Hold until boot process finishes up...
         Starting Terminate Plymouth Boot Screen...
[[0;32m  OK  [0m] Started Hold until boot process finishes up.
         Starting Set console scheme...
[[0;32m  OK  [0m] Started Getty on tty1.
[[0;32m  OK  [0m] Started Serial Getty on ttyS0.
[[0;32m  OK  [0m] Reached target Login Prompts.
[[0;32m  OK  [0m] Started Terminate Plymouth Boot Screen.
[[0;32m  OK  [0m] Started LSB: daemon to balance interrupts for SMP systems.
[[0;32m  OK  [0m] Started Set console scheme.
[[0;32m  OK  [0m] Started Authenticate and Authorize Users to Run Privileged Tasks.
[[0;32m  OK  [0m] Started Accounts Service.
[[0;32m  OK  [0m] Started LSB: automatic crash report generation.
[[0;32m  OK  [0m] Started Virtualbox guest utils.
[[0;32m  OK  [0m] Started OpenBSD Secure Shell server.
[[0;32m  OK  [0m] Started LXD - container startup/shutdown.
[[0;32m  OK  [0m] Started Snappy daemon.
         Starting Wait until snapd is fully seeded...
[[0;32m  OK  [0m] Started Wait until snapd is fully seeded.
         Starting Apply the settings specified in cloud-config...
[[0;32m  OK  [0m] Created slice User Slice of vagrant.
         Starting User Manager for UID 1000...
[[0;32m  OK  [0m] Started Session 1 of user vagrant.
[[0;32m  OK  [0m] Started User Manager for UID 1000.
[   18.285573] cloud-init[1234]: Cloud-init v. 18.5-45-g3554ffe8-0ubuntu1~16.04.1 running 'modules:config' at Fri, 05 Apr 2019 20:50:52 +0000. Up 17.84 seconds.
[[0;32m  OK  [0m] Started Apply the settings specified in cloud-config.

Ubuntu 16.04.6 LTS ubuntu-xenial ttyS0

ubuntu-xenial login: [   22.842508] cloud-init[1415]: Cloud-init v. 18.5-45-g3554ffe8-0ubuntu1~16.04.1 running 'modules:final' at Fri, 05 Apr 2019 20:50:57 +0000. Up 22.44 seconds.
[   22.842811] cloud-init[1415]: Cloud-init v. 18.5-45-g3554ffe8-0ubuntu1~16.04.1 finished at Fri, 05 Apr 2019 20:50:57 +0000. Datasource DataSourceNoCloud [seed=/dev/sdb][dsmode=net].  Up 22.83 seconds
[[0;32m  OK  [0m] Started ACPI event daemon.
[[0;32m  OK  [0m] Started ACPI event daemon.
[[0;32m  OK  [0m] Started ACPI event daemon.
         Stopping Authenticate and Authorize Users to Run Privileged Tasks...
[[0;32m  OK  [0m] Stopped Authenticate and Authorize Users to Run Privileged Tasks.
         Starting Authenticate and Authorize Users to Run Privileged Tasks...
[[0;32m  OK  [0m] Started Authenticate and Authorize Users to Run Privileged Tasks.
[[0;32m  OK  [0m] Started Daily apt upgrade and clean activities.
[[0;32m  OK  [0m] Stopped target Timers.
[[0;32m  OK  [0m] Stopped Daily Cleanup of Temporary Directories.
[[0;32m  OK  [0m] Stopped Daily apt upgrade and clean activities.
[[0;32m  OK  [0m] Stopped Daily apt download activities.
[[0;32m  OK  [0m] Stopped target System Time Synchronized.
[[0;32m  OK  [0m] Stopped target Cloud-init target.
         Stopping Authenticate and Authorize Users to Run Privileged Tasks...
         Stopping Session 3 of user vagrant.
[[0;32m  OK  [0m] Stopped Execute cloud user/final scripts.
[[0;32m  OK  [0m] Stopped Apply the settings specified in cloud-config.
[[0;32m  OK  [0m] Stopped target Graphical Interface.
         Stopping Accounts Service...
         Stopping User Manager for UID 1000...
         Stopping ACPI event daemon...
[[0;32m  OK  [0m] Closed Load/Save RF Kill Switch Status /dev/rfkill Watch.
[[0;32m  OK  [0m] Stopped target Cloud-config availability.
[[0;32m  OK  [0m] Stopped target Multi-User System.
         Stopping OpenBSD Secure Shell server...
         Stopping D-Bus System Message Bus...
         Stopping LSB: automatic crash report generation...
         Stopping LXD - container startup/shutdown...
         Stopping LSB: MD monitoring daemon...
         Stopping Regular background program processing daemon...
         Stopping MySQL Community Server...
         Stopping LSB: daemon to balance interrupts for SMP systems...
         Stopping LSB: Record successful boot for GRUB...
         Stopping LSB: Set the CPU Frequency Scaling governor to "ondemand"...
         Stopping Virtualbox guest utils...
[[0;32m  OK  [0m] Stopped Wait until snapd is fully seeded.
         Stopping Deferred execution scheduler...
         Stopping FUSE filesystem for LXC...
         Stopping System Logging Service...
[[0;32m  OK  [0m] Stopped target Login Prompts.
         Stopping Serial Getty on ttyS0...
         Stopping Getty on tty1...
         
[[0;32m  OK  [0m] Unmounted /var/lib/lxcfs.
[[0;32m  OK  [0m] Stopped Accounts Service.
[[0;32m  OK  [0m] Stopped Deferred execution scheduler.
[[0;32m  OK  [0m] Stopped Regular background program processing daemon.
[[0;32m  OK  [0m] Stopped System Logging Service.
[[0;32m  OK  [0m] Stopped Getty on tty1.
[[0;32m  OK  [0m] Stopped Serial Getty on ttyS0.
[[0;32m  OK  [0m] Stopped OpenBSD Secure Shell server.
[[0;32m  OK  [0m] Stopped Authenticate and Authorize Users to Run Privileged Tasks.
[[0;32m  OK  [0m] Stopped User Manager for UID 1000.
[[0;32m  OK  [0m] Stopped Session 3 of user vagrant.
[[0;32m  OK  [0m] Stopped D-Bus System Message Bus.
[[0;32m  OK  [0m] Stopped FUSE filesystem for LXC.
[[0;32m  OK  [0m] Stopped ACPI event daemon.
[[0;32m  OK  [0m] Stopped LSB: automatic crash report generation.
[[0;32m  OK  [0m] Stopped Unattended Upgrades Shutdown.
[[0;32m  OK  [0m] Stopped LSB: Record successful boot for GRUB.
[[0;32m  OK  [0m] Stopped LSB: MD monitoring daemon.
[[0;32m  OK  [0m] Stopped LSB: Set the CPU Frequency Scaling governor to "ondemand".
[[0;32m  OK  [0m] Stopped Virtualbox guest utils.
[[0;32m  OK  [0m] Stopped LSB: daemon to balance interrupts for SMP systems.
[[0;32m  OK  [0m] Stopped LXD - container startup/shutdown.
[[0;32m  OK  [0m] Removed slice User Slice of vagrant.
         Stopping Login Service...
[[0;32m  OK  [0m] Removed slice system-serial\x2dgetty.slice.
[[0;32m  OK  [0m] Removed slice system-getty.slice.
[[0;32m  OK  [0m] Stopped /etc/rc.local Compatibility.
         Stopping Permit User Sessions...
[[0;32m  OK  [0m] Stopped Permit User Sessions.
[[0;32m  OK  [0m] Stopped target Remote File Systems.
[[0;32m  OK  [0m] Stopped target Remote File Systems (Pre).
         Stopping Login to default iSCSI targets...
[[0;32m  OK  [0m] Stopped Login Service.
[[0;32m  OK  [0m] Stopped target User and Group Name Lookups.
[[0;32m  OK  [0m] Stopped Login to default iSCSI targets.
         Stopping iSCSI initiator daemon (iscsid)...
[[0;32m  OK  [0m] Stopped iSCSI initiator daemon (iscsid).
[[0;32m  OK  [0m] Stopped target Network is Online.
[[0;32m  OK  [0m] Stopped MySQL Community Server.
[[0;32m  OK  [0m] Stopped target Basic System.
[[0;32m  OK  [0m] Stopped target Sockets.
[[0;32m  OK  [0m] Closed ACPID Listen Socket.
[[0;32m  OK  [0m] Closed UUID daemon activation socket.
[[0;32m  OK  [0m] Closed LXD - unix socket.
[[0;32m  OK  [0m] Closed D-Bus System Message Bus Socket.
[[0;32m  OK  [0m] Closed Socket activation for snappy daemon.
[[0;32m  OK  [0m] Closed Syslog Socket.
[[0;32m  OK  [0m] Stopped target Slices.
[[0;32m  OK  [0m] Removed slice User and Session Slice.
[[0;32m  OK  [0m] Stopped target Paths.
[[0;32m  OK  [0m] Stopped Forward Password Requests to Wall Directory Watch.
[[0;32m  OK  [0m] Stopped ACPI Events Check.
[[0;32m  OK  [0m] Stopped Dispatch Password Requests to Console Directory Watch.
[[0;32m  OK  [0m] Stopped target System Initialization.
[[0;32m  OK  [0m] Stopped Initial cloud-init job (metadata service crawler).
         Stopping Load/Save Random Seed...
[[0;32m  OK  [0m] Stopped target Swap.
[[0;32m  OK  [0m] Stopped target Encrypted Volumes.
         Stopping Update UTMP about System Boot/Shutdown...
[[0;32m  OK  [0m] Stopped target Network.
         Stopping Raise network interfaces...
[[0;32m  OK  [0m] Stopped Load/Save Random Seed.
[[0;32m  OK  [0m] Stopped Update UTMP about System Boot/Shutdown.
[[0;32m  OK  [0m] Stopped Create Volatile Files and Directories.
[[0;32m  OK  [0m] Stopped Raise network interfaces.
[[0;32m  OK  [0m] Stopped target Local File Systems.
         Unmounting /vagrant...
         Unmounting /run/user/1000...
[[0;32m  OK  [0m] Stopped Apply Kernel Variables.
[[0;32m  OK  [0m] Stopped Load Kernel Modules.
[[0;32m  OK  [0m] Stopped target Network (Pre).
[[0;32m  OK  [0m] Stopped Initial cloud-init job (pre-networking).
[[0;32m  OK  [0m] Unmounted /vagrant.
[[0;32m  OK  [0m] Unmounted /run/user/1000.
[[0;32m  OK  [0m] Reached target Unmount All Filesystems.
[[0;32m  OK  [0m] Stopped target Local File Systems (Pre).
[[0;32m  OK  [0m] Stopped Create Static Device Nodes in /dev.
[[0;32m  OK  [0m] Stopped Remount Root and Kernel File Systems.
[[0;32m  OK  [0m] Reached target Shutdown.
[  663.141849] reboot: Power down
